Defense asset collection started at 2026-05-07T16:50:29
copied outputs/recordings/2_blue_cylinder/frames/frame_0000.png -> reports/defense_assets/raw_selected/raw_environment.png
copied outputs/debug/qwen_vl_real_blue_cylinder_demo_qwen_input.png -> reports/defense_assets/raw_selected/raw_qwen_input.png
copied outputs/figures/qwen_overlay_integration_smoke_grounding_overlay.png -> reports/defense_assets/raw_selected/raw_grounding.png
copied outputs/figures/qwen_vl_real_blue_cylinder_demo_candidate_scores.png -> reports/defense_assets/raw_selected/raw_qwen_scores.png
copied outputs/videos/qwen_vl_real_blue_cylinder_demo_frames/frame_000000.png -> reports/defense_assets/raw_selected/raw_success_pre.png
copied outputs/videos/qwen_vl_real_blue_cylinder_demo_frames/frame_000084.png -> reports/defense_assets/raw_selected/raw_success_mid.png
copied outputs/videos/qwen_vl_real_blue_cylinder_demo_frames/frame_000168.png -> reports/defense_assets/raw_selected/raw_success_end.png
copied data/grasp_success/raw/episode_000073/rgb.png -> reports/defense_assets/raw_selected/raw_failure_rgb.png
copied outputs/figures/baseline_score_success_failure_distribution.png -> reports/defense_assets/raw_selected/raw_baseline_distribution.png
copied data/grasp_success/raw/episode_000001/rgb.png -> reports/defense_assets/raw_selected/raw_data_sample_01.png
copied data/grasp_success/raw/episode_000002/rgb.png -> reports/defense_assets/raw_selected/raw_data_sample_02.png
copied data/grasp_success/raw/episode_000003/rgb.png -> reports/defense_assets/raw_selected/raw_data_sample_03.png
copied data/grasp_success/raw/episode_000004/rgb.png -> reports/defense_assets/raw_selected/raw_data_sample_04.png
copied data/grasp_success/raw/episode_000005/rgb.png -> reports/defense_assets/raw_selected/raw_data_sample_05.png
copied data/grasp_success/raw/episode_000073/rgb.png -> reports/defense_assets/raw_selected/raw_data_sample_06.png
copied outputs/logs/qwen_cli_smoke_candidates.json -> reports/defense_assets/qwen_outputs/qwen_cli_smoke_candidates.json
copied outputs/logs/qwen_cli_smoke_explanation.txt -> reports/defense_assets/qwen_outputs/qwen_cli_smoke_explanation.txt
copied outputs/logs/qwen_cli_smoke_vla_result.json -> reports/defense_assets/qwen_outputs/qwen_cli_smoke_vla_result.json
copied outputs/logs/qwen_vl_blue_cylinder_demo_candidates.json -> reports/defense_assets/qwen_outputs/qwen_vl_blue_cylinder_demo_candidates.json
copied outputs/logs/qwen_vl_blue_cylinder_demo_explanation.txt -> reports/defense_assets/qwen_outputs/qwen_vl_blue_cylinder_demo_explanation.txt
copied outputs/logs/qwen_vl_blue_cylinder_demo_vla_result.json -> reports/defense_assets/qwen_outputs/qwen_vl_blue_cylinder_demo_vla_result.json
copied outputs/logs/qwen_vl_real_blue_cylinder_demo_candidates.json -> reports/defense_assets/qwen_outputs/qwen_vl_real_blue_cylinder_demo_candidates.json
copied outputs/logs/qwen_vl_real_blue_cylinder_demo_explanation.txt -> reports/defense_assets/qwen_outputs/qwen_vl_real_blue_cylinder_demo_explanation.txt
copied outputs/logs/qwen_vl_real_blue_cylinder_demo_vla_result.json -> reports/defense_assets/qwen_outputs/qwen_vl_real_blue_cylinder_demo_vla_result.json
copied outputs/logs/qwen_vl_real_red_cube_demo_candidates.json -> reports/defense_assets/qwen_outputs/qwen_vl_real_red_cube_demo_candidates.json
copied outputs/logs/qwen_vl_real_red_cube_demo_explanation.txt -> reports/defense_assets/qwen_outputs/qwen_vl_real_red_cube_demo_explanation.txt
copied outputs/logs/qwen_vl_real_red_cube_demo_vla_result.json -> reports/defense_assets/qwen_outputs/qwen_vl_real_red_cube_demo_vla_result.json
copied outputs/logs/qwen_vl_red_cube_attach_fixed_candidates.json -> reports/defense_assets/qwen_outputs/qwen_vl_red_cube_attach_fixed_candidates.json
copied outputs/logs/qwen_vl_red_cube_attach_fixed_explanation.txt -> reports/defense_assets/qwen_outputs/qwen_vl_red_cube_attach_fixed_explanation.txt
copied outputs/logs/qwen_vl_red_cube_attach_fixed_vla_result.json -> reports/defense_assets/qwen_outputs/qwen_vl_red_cube_attach_fixed_vla_result.json
copied outputs/logs/qwen_vl_red_cube_semantic_match_candidates.json -> reports/defense_assets/qwen_outputs/qwen_vl_red_cube_semantic_match_candidates.json
copied outputs/logs/qwen_vl_red_cube_semantic_match_explanation.txt -> reports/defense_assets/qwen_outputs/qwen_vl_red_cube_semantic_match_explanation.txt
copied outputs/logs/qwen_vl_red_cube_semantic_match_vla_result.json -> reports/defense_assets/qwen_outputs/qwen_vl_red_cube_semantic_match_vla_result.json
scanned image files: 2594
manifest records: 17
